vitest/3.2.3 linux-x64 node-v18.19.1
